Archive member included to satisfy reference by file (symbol)

./build/sun50i_h6/release/lib/libfdt.a(fdt.o)
                              ./build/sun50i_h6/release/bl31/sunxi_bl31_setup.o (fdt_check_header)
./build/sun50i_h6/release/lib/libfdt.a(fdt_ro.o)
                              ./build/sun50i_h6/release/bl31/common.o (fdt_get_name)
./build/sun50i_h6/release/lib/libc.a(memchr.o)
                              ./build/sun50i_h6/release/lib/libfdt.a(fdt_ro.o) (memchr)
./build/sun50i_h6/release/lib/libc.a(memcmp.o)
                              ./build/sun50i_h6/release/lib/libfdt.a(fdt.o) (memcmp)
./build/sun50i_h6/release/lib/libc.a(memcpy.o)
                              ./build/sun50i_h6/release/bl31/css_scpi.o (memcpy)
./build/sun50i_h6/release/lib/libc.a(memmove.o)
                              ./build/sun50i_h6/release/bl31/xlat_tables_core.o (memmove)
./build/sun50i_h6/release/lib/libc.a(memset.o)
                              ./build/sun50i_h6/release/bl31/runtime_svc.o (memset)
./build/sun50i_h6/release/lib/libc.a(printf.o)
                              ./build/sun50i_h6/release/bl31/tf_log.o (vprintf)
./build/sun50i_h6/release/lib/libc.a(putchar.o)
                              ./build/sun50i_h6/release/bl31/tf_log.o (putchar)
./build/sun50i_h6/release/lib/libc.a(strlen.o)
                              ./build/sun50i_h6/release/lib/libfdt.a(fdt.o) (strlen)
./build/sun50i_h6/release/lib/libc.a(strncmp.o)
                              ./build/sun50i_h6/release/bl31/common.o (strncmp)
./build/sun50i_h6/release/lib/libc.a(strnlen.o)
                              ./build/sun50i_h6/release/lib/libfdt.a(fdt_ro.o) (strnlen)
./build/sun50i_h6/release/lib/libc.a(strrchr.o)
                              ./build/sun50i_h6/release/lib/libfdt.a(fdt_ro.o) (strrchr)

Discarded input sections

 .text          0x0000000000000000        0x0 ./build/sun50i_h6/release/bl31/build_message.o
 .data          0x0000000000000000        0x0 ./build/sun50i_h6/release/bl31/build_message.o
 .bss           0x0000000000000000        0x0 ./build/sun50i_h6/release/bl31/build_message.o
 .text          0x0000000000000000        0x0 ./build/sun50i_h6/release/bl31/bl31_context_mgmt.o
 .data          0x0000000000000000        0x0 ./build/sun50i_h6/release/bl31/bl31_context_mgmt.o
 .bss           0x0000000000000000        0x0 ./build/sun50i_h6/release/bl31/bl31_context_mgmt.o
 .text.cm_set_context
                0x0000000000000000        0xc ./build/sun50i_h6/release/bl31/bl31_context_mgmt.o
 .eh_frame      0x0000000000000000       0x88 ./build/sun50i_h6/release/bl31/bl31_context_mgmt.o
 .text          0x0000000000000000        0x0 ./build/sun50i_h6/release/bl31/bl31_main.o
 .data          0x0000000000000000        0x0 ./build/sun50i_h6/release/bl31/bl31_main.o
 .bss           0x0000000000000000        0x0 ./build/sun50i_h6/release/bl31/bl31_main.o
 .text.bl31_lib_init
                0x0000000000000000        0x4 ./build/sun50i_h6/release/bl31/bl31_main.o
 .text.bl31_set_next_image_type
                0x0000000000000000        0xc ./build/sun50i_h6/release/bl31/bl31_main.o
 .text.bl31_get_next_image_type
                0x0000000000000000        0xc ./build/sun50i_h6/release/bl31/bl31_main.o
 .text.bl31_register_bl32_init
                0x0000000000000000        0xc ./build/sun50i_h6/release/bl31/bl31_main.o
 .eh_frame      0x0000000000000000       0xe0 ./build/sun50i_h6/release/bl31/bl31_main.o
 .text          0x0000000000000000        0x0 ./build/sun50i_h6/release/bl31/interrupt_mgmt.o
 .data          0x0000000000000000        0x0 ./build/sun50i_h6/release/bl31/interrupt_mgmt.o
 .bss           0x0000000000000000        0x0 ./build/sun50i_h6/release/bl31/interrupt_mgmt.o
 .text.set_scr_el3_from_rm
                0x0000000000000000       0x84 ./build/sun50i_h6/release/bl31/interrupt_mgmt.o
 .text.set_routing_model
                0x0000000000000000       0x98 ./build/sun50i_h6/release/bl31/interrupt_mgmt.o
 .text.disable_intr_rm_local
                0x0000000000000000       0x34 ./build/sun50i_h6/release/bl31/interrupt_mgmt.o
 .text.enable_intr_rm_local
                0x0000000000000000       0x50 ./build/sun50i_h6/release/bl31/interrupt_mgmt.o
 .text.register_interrupt_type_handler
                0x0000000000000000       0x68 ./build/sun50i_h6/release/bl31/interrupt_mgmt.o
 .eh_frame      0x0000000000000000      0x110 ./build/sun50i_h6/release/bl31/interrupt_mgmt.o
 .text          0x0000000000000000        0x0 ./build/sun50i_h6/release/bl31/runtime_svc.o
 .data          0x0000000000000000        0x0 ./build/sun50i_h6/release/bl31/runtime_svc.o
 .bss           0x0000000000000000        0x0 ./build/sun50i_h6/release/bl31/runtime_svc.o
 .text.handle_runtime_svc
                0x0000000000000000       0x74 ./build/sun50i_h6/release/bl31/runtime_svc.o
 .eh_frame      0x0000000000000000       0x60 ./build/sun50i_h6/release/bl31/runtime_svc.o
 .text          0x0000000000000000        0x0 ./build/sun50i_h6/release/bl31/axp805.o
[...]
Memory Configuration

Name             Origin             Length             Attributes
RAM              0x0000000000104000 0x0000000000010000 xrw
NOBITS           0x0000000000021000 0x0000000000007000 rw !a
*default*        0x0000000000000000 0xffffffffffffffff

Linker script and memory map

                0x0000000000104000                . = 0x104000
                0x0000000000000001                ASSERT ((. == ALIGN (0x1000)), BL31_BASE address is not aligned on a page boundary.)
                0x0000000000104000                __BL31_START__ = .

.text           0x0000000000104000     0x8000
                0x0000000000104000                __TEXT_START__ = .
 *bl31_entrypoint.o(.text*)
 .text.asm.bl31_entrypoint
                0x0000000000104000      0x150 ./build/sun50i_h6/release/bl31/bl31_entrypoint.o
                0x0000000000104000                bl31_entrypoint
 .text.asm.bl31_warm_entrypoint
                0x0000000000104150       0x90 ./build/sun50i_h6/release/bl31/bl31_entrypoint.o
                0x0000000000104150                bl31_warm_entrypoint
 *(SORT_BY_ALIGNMENT(.text*))
 .text.cm_get_context
                0x00000000001041e0        0xc ./build/sun50i_h6/release/bl31/bl31_context_mgmt.o
                0x00000000001041e0                cm_get_context
 .text.cm_get_context_by_index
                0x00000000001041ec       0x24 ./build/sun50i_h6/release/bl31/bl31_context_mgmt.o
                0x00000000001041ec                cm_get_context_by_index
 .text.cm_set_context_by_index
                0x0000000000104210       0x28 ./build/sun50i_h6/release/bl31/bl31_context_mgmt.o
                0x0000000000104210                cm_set_context_by_index
 .text.get_arm_std_svc_args
                0x0000000000104238        0xc ./build/sun50i_h6/release/bl31/bl31_main.o
                0x0000000000104238                get_arm_std_svc_args
 .text.bl31_setup
                0x0000000000104244       0x14 ./build/sun50i_h6/release/bl31/bl31_main.o
                0x0000000000104244                bl31_setup
 .text.bl31_prepare_next_image_entry
                0x0000000000104258       0x60 ./build/sun50i_h6/release/bl31/bl31_main.o
                0x0000000000104258                bl31_prepare_next_image_entry
 .text.bl31_main
                0x00000000001042b8       0x64 ./build/sun50i_h6/release/bl31/bl31_main.o
                0x00000000001042b8                bl31_main
 .text.get_scr_el3_from_routing_model
                0x000000000010431c       0x30 ./build/sun50i_h6/release/bl31/interrupt_mgmt.o
                0x000000000010431c                get_scr_el3_from_routing_model
 .text.get_interrupt_type_handler
                0x000000000010434c       0x24 ./build/sun50i_h6/release/bl31/interrupt_mgmt.o
                0x000000000010434c                get_interrupt_type_handler
 .text.runtime_svc_init
                0x0000000000104370      0x130 ./build/sun50i_h6/release/bl31/runtime_svc.o
                0x0000000000104370                runtime_svc_init
 .text.axp_check_id
                0x00000000001044a0       0x5c ./build/sun50i_h6/release/bl31/common.o
                0x00000000001044a0                axp_check_id
 .text.axp_clrsetbits
                0x00000000001044fc       0x54 ./build/sun50i_h6/release/bl31/common.o
                0x00000000001044fc                axp_clrsetbits
 .text.axp_power_off
                0x0000000000104550       0x10 ./build/sun50i_h6/release/bl31/common.o
                0x0000000000104550                axp_power_off
 .text.axp_setup_regulators
                0x0000000000104560      0x2a4 ./build/sun50i_h6/release/bl31/common.o
                0x0000000000104560                axp_setup_regulators
 .text.mhu_secure_message_start
                0x0000000000104804       0x4c ./build/sun50i_h6/release/bl31/sunxi_msgbox.o
                0x0000000000104804                mhu_secure_message_start
 .text.mhu_secure_message_send
                0x0000000000104850       0x18 ./build/sun50i_h6/release/bl31/sunxi_msgbox.o
                0x0000000000104850                mhu_secure_message_send
 .text.mhu_secure_message_wait
                0x0000000000104868       0x64 ./build/sun50i_h6/release/bl31/sunxi_msgbox.o
                0x0000000000104868                mhu_secure_message_wait
 .text.mhu_secure_message_end
                0x00000000001048cc       0x1c ./build/sun50i_h6/release/bl31/sunxi_msgbox.o
                0x00000000001048cc                mhu_secure_message_end
 .text.scpi_secure_message_receive
                0x00000000001048e8       0x5c ./build/sun50i_h6/release/bl31/css_scpi.o
 .text.scpi_wait_ready
                0x0000000000104944       0xc8 ./build/sun50i_h6/release/bl31/css_scpi.o
                0x0000000000104944                scpi_wait_ready
 .text.scpi_set_css_power_state
                0x0000000000104a0c       0x7c ./build/sun50i_h6/release/bl31/css_scpi.o
                0x0000000000104a0c                scpi_set_css_power_state
 .text.scpi_get_css_power_state
                0x0000000000104a88       0xe8 ./build/sun50i_h6/release/bl31/css_scpi.o
                0x0000000000104a88                scpi_get_css_power_state
 .text.scpi_sys_power_state
                0x0000000000104b70       0x74 ./build/sun50i_h6/release/bl31/css_scpi.o
                0x0000000000104b70                scpi_sys_power_state
 .text.gicd_read_igroupr
                0x0000000000104be4       0x14 ./build/sun50i_h6/release/bl31/gic_common.o
                0x0000000000104be4                gicd_read_igroupr
 .text.gicd_read_icfgr
                0x0000000000104bf8       0x14 ./build/sun50i_h6/release/bl31/gic_common.o
                0x0000000000104bf8                gicd_read_icfgr
 .text.gicd_write_igroupr
                0x0000000000104c0c       0x14 ./build/sun50i_h6/release/bl31/gic_common.o
                0x0000000000104c0c                gicd_write_igroupr
 .text.gicd_write_isenabler
                0x0000000000104c20       0x14 ./build/sun50i_h6/release/bl31/gic_common.o
                0x0000000000104c20                gicd_write_isenabler
 .text.gicd_write_icenabler
                0x0000000000104c34       0x14 ./build/sun50i_h6/release/bl31/gic_common.o
                0x0000000000104c34                gicd_write_icenabler
 .text.gicd_write_ipriorityr
                0x0000000000104c48       0x10 ./build/sun50i_h6/release/bl31/gic_common.o
                0x0000000000104c48                gicd_write_ipriorityr
 .text.gicd_write_icfgr
                0x0000000000104c58       0x14 ./build/sun50i_h6/release/bl31/gic_common.o
                0x0000000000104c58                gicd_write_icfgr
 .text.gicd_clr_igroupr
                0x0000000000104c6c       0x30 ./build/sun50i_h6/release/bl31/gic_common.o
                0x0000000000104c6c                gicd_clr_igroupr
 .text.gicd_set_isenabler
                0x0000000000104c9c        0xc ./build/sun50i_h6/release/bl31/gic_common.o
                0x0000000000104c9c                gicd_set_isenabler
 .text.gicd_set_ipriorityr
                0x0000000000104ca8       0x14 ./build/sun50i_h6/release/bl31/gic_common.o
                0x0000000000104ca8                gicd_set_ipriorityr
 .text.gicd_set_icfgr
                0x0000000000104cbc       0x40 ./build/sun50i_h6/release/bl31/gic_common.o
                0x0000000000104cbc                gicd_set_icfgr
 .text.gicv2_spis_configure_defaults
                0x0000000000104cfc       0x9c ./build/sun50i_h6/release/bl31/gicv2_helpers.o
                0x0000000000104cfc                gicv2_spis_configure_defaults
 .text.gicv2_secure_spis_configure_props
                0x0000000000104d98       0xa4 ./build/sun50i_h6/release/bl31/gicv2_helpers.o
                0x0000000000104d98                gicv2_secure_spis_configure_props
 .text.gicv2_secure_ppi_sgi_setup_props
                0x0000000000104e3c       0xe0 ./build/sun50i_h6/release/bl31/gicv2_helpers.o
                0x0000000000104e3c                gicv2_secure_ppi_sgi_setup_props
 .text.gicv2_cpuif_enable
                0x0000000000104f1c       0x20 ./build/sun50i_h6/release/bl31/gicv2_main.o
                0x0000000000104f1c                gicv2_cpuif_enable
 .text.gicv2_cpuif_disable
                0x0000000000104f3c       0x20 ./build/sun50i_h6/release/bl31/gicv2_main.o
                0x0000000000104f3c                gicv2_cpuif_disable
 .text.gicv2_pcpu_distif_init
                0x0000000000104f5c       0x48 ./build/sun50i_h6/release/bl31/gicv2_main.o
                0x0000000000104f5c                gicv2_pcpu_distif_init
 .text.gicv2_distif_init
                0x0000000000104fa4       0x58 ./build/sun50i_h6/release/bl31/gicv2_main.o
                0x0000000000104fa4                gicv2_distif_init
 .text.gicv2_driver_init
                0x0000000000104ffc       0x14 ./build/sun50i_h6/release/bl31/gicv2_main.o
                0x0000000000104ffc                gicv2_driver_init
 .text.gicv2_get_pending_interrupt_type
                0x0000000000105010       0x18 ./build/sun50i_h6/release/bl31/gicv2_main.o
                0x0000000000105010                gicv2_get_pending_interrupt_type
 .text.udelay   0x0000000000105028       0x68 ./build/sun50i_h6/release/bl31/delay_timer.o
                0x0000000000105028                udelay
 .text.mdelay   0x0000000000105090        0xc ./build/sun50i_h6/release/bl31/delay_timer.o
                0x0000000000105090                mdelay
 .text.timer_init
                0x000000000010509c        0xc ./build/sun50i_h6/release/bl31/delay_timer.o
                0x000000000010509c                timer_init
 .text.get_timer_value
                0x00000000001050a8        0xc ./build/sun50i_h6/release/bl31/generic_delay_timer.o
 .text.generic_delay_timer_init_args
                0x00000000001050b4       0x20 ./build/sun50i_h6/release/bl31/generic_delay_timer.o
                0x00000000001050b4                generic_delay_timer_init_args
 .text.generic_delay_timer_init
                0x00000000001050d4       0x44 ./build/sun50i_h6/release/bl31/generic_delay_timer.o
                0x00000000001050d4                generic_delay_timer_init
 .text.mentor_i2c_lost_arbitration
                0x0000000000105118       0x24 ./build/sun50i_h6/release/bl31/mi2cv.o
 .text.mentor_i2c_interrupt_clear
                0x000000000010513c       0x1c ./build/sun50i_h6/release/bl31/mi2cv.o
 .text.mentor_i2c_stop_bit_set
                0x0000000000105158       0xcc ./build/sun50i_h6/release/bl31/mi2cv.o
 .text.mentor_i2c_wait_interrupt
                0x0000000000105224       0x38 ./build/sun50i_h6/release/bl31/mi2cv.o
 .text.mentor_i2c_data_transmit
                0x000000000010525c       0xcc ./build/sun50i_h6/release/bl31/mi2cv.o
 .text.mentor_i2c_start_bit_set
                0x0000000000105328       0xc0 ./build/sun50i_h6/release/bl31/mi2cv.o
 .text.mentor_i2c_address_set
                0x00000000001053e8       0xb4 ./build/sun50i_h6/release/bl31/mi2cv.o
 .text.i2c_init
                0x000000000010549c       0xe4 ./build/sun50i_h6/release/bl31/mi2cv.o
                0x000000000010549c                i2c_init
 .text.i2c_read
                0x0000000000105580      0x20c ./build/sun50i_h6/release/bl31/mi2cv.o
                0x0000000000105580                i2c_read
 .text.i2c_write
                0x000000000010578c      0x118 ./build/sun50i_h6/release/bl31/mi2cv.o
                0x000000000010578c                i2c_write
 .text.cm_init  0x00000000001058a4        0x4 ./build/sun50i_h6/release/bl31/context_mgmt.o
                0x00000000001058a4                cm_init
 .text.cm_setup_context
                0x00000000001058a8      0x154 ./build/sun50i_h6/release/bl31/context_mgmt.o
                0x00000000001058a8                cm_setup_context
 .text.cm_init_context_by_index
                0x00000000001059fc       0x2c ./build/sun50i_h6/release/bl31/context_mgmt.o
                0x00000000001059fc                cm_init_context_by_index
 .text.cm_init_my_context
                0x0000000000105a28       0x2c ./build/sun50i_h6/release/bl31/context_mgmt.o
                0x0000000000105a28                cm_init_my_context
 .text.cm_el1_sysregs_context_restore
                0x0000000000105a54       0x7c ./build/sun50i_h6/release/bl31/context_mgmt.o
                0x0000000000105a54                cm_el1_sysregs_context_restore
 .text.cm_set_next_eret_context
                0x0000000000105ad0       0x20 ./build/sun50i_h6/release/bl31/context_mgmt.o
                0x0000000000105ad0                cm_set_next_eret_context
 .text.cm_prepare_el3_exit
                0x0000000000105af0       0xbc ./build/sun50i_h6/release/bl31/context_mgmt.o
                0x0000000000105af0                cm_prepare_el3_exit
 .text.bakery_lock_get
                0x0000000000105bac       0xbc ./build/sun50i_h6/release/bl31/bakery_lock_coherent.o
                0x0000000000105bac                bakery_lock_get
 .text.bakery_lock_release
                0x0000000000105c68       0x34 ./build/sun50i_h6/release/bl31/bakery_lock_coherent.o
                0x0000000000105c68                bakery_lock_release
 .text.psci_set_req_local_pwr_state
                0x0000000000105c9c       0x34 ./build/sun50i_h6/release/bl31/psci_common.o
 .text.psci_validate_power_state
                0x0000000000105cd0       0x28 ./build/sun50i_h6/release/bl31/psci_common.o
                0x0000000000105cd0                psci_validate_power_state
 .text.psci_query_sys_suspend_pwrstate
                0x0000000000105cf8       0x14 ./build/sun50i_h6/release/bl31/psci_common.o
                0x0000000000105cf8                psci_query_sys_suspend_pwrstate
 .text.psci_is_last_on_cpu
                0x0000000000105d0c       0x70 ./build/sun50i_h6/release/bl31/psci_common.o
                0x0000000000105d0c                psci_is_last_on_cpu
 .text.psci_init_req_local_pwr_states
                0x0000000000105d7c       0x58 ./build/sun50i_h6/release/bl31/psci_common.o
                0x0000000000105d7c                psci_init_req_local_pwr_states
 .text.psci_get_target_local_pwr_states
                0x0000000000105dd4       0x90 ./build/sun50i_h6/release/bl31/psci_common.o
                0x0000000000105dd4                psci_get_target_local_pwr_states
 .text.psci_get_parent_pwr_domain_nodes
                0x0000000000105e64       0x48 ./build/sun50i_h6/release/bl31/psci_common.o
                0x0000000000105e64                psci_get_parent_pwr_domain_nodes
 .text.psci_set_pwr_domains_to_run
                0x0000000000105eac       0x8c ./build/sun50i_h6/release/bl31/psci_common.o
                0x0000000000105eac                psci_set_pwr_domains_to_run
 .text.psci_do_state_coordination
                0x0000000000105f38      0x17c ./build/sun50i_h6/release/bl31/psci_common.o
                0x0000000000105f38                psci_do_state_coordination
 .text.psci_find_max_off_lvl
                0x00000000001060b4       0x3c ./build/sun50i_h6/release/bl31/psci_common.o
                0x00000000001060b4                psci_find_max_off_lvl
 .text.psci_find_target_suspend_lvl
                0x00000000001060f0       0x34 ./build/sun50i_h6/release/bl31/psci_common.o
                0x00000000001060f0                psci_find_target_suspend_lvl
 .text.psci_acquire_pwr_domain_locks
                0x0000000000106124       0x6c ./build/sun50i_h6/release/bl31/psci_common.o
                0x0000000000106124                psci_acquire_pwr_domain_locks
 .text.psci_release_pwr_domain_locks
                0x0000000000106190       0x58 ./build/sun50i_h6/release/bl31/psci_common.o
                0x0000000000106190                psci_release_pwr_domain_locks
 .text.psci_validate_mpidr
                0x00000000001061e8       0x20 ./build/sun50i_h6/release/bl31/psci_common.o
                0x00000000001061e8                psci_validate_mpidr
 .text.psci_validate_entry_point
                0x0000000000106208       0xf4 ./build/sun50i_h6/release/bl31/psci_common.o
                0x0000000000106208                psci_validate_entry_point
 .text.psci_warmboot_entrypoint
                0x00000000001062fc       0xc0 ./build/sun50i_h6/release/bl31/psci_common.o
                0x00000000001062fc                psci_warmboot_entrypoint
 .text.psci_spd_migrate_info
                0x00000000001063bc       0x24 ./build/sun50i_h6/release/bl31/psci_common.o
                0x00000000001063bc                psci_spd_migrate_info
 .text.psci_print_power_domain_map
                0x00000000001063e0        0x4 ./build/sun50i_h6/release/bl31/psci_common.o
                0x00000000001063e0                psci_print_power_domain_map
 .text.psci_do_pwrdown_sequence
                0x00000000001063e4        0x4 ./build/sun50i_h6/release/bl31/psci_common.o
                0x00000000001063e4                psci_do_pwrdown_sequence
 .text.psci_cpu_on
                0x00000000001063e8       0x5c ./build/sun50i_h6/release/bl31/psci_main.o
                0x00000000001063e8                psci_cpu_on
 .text.psci_cpu_suspend
                0x0000000000106444       0xec ./build/sun50i_h6/release/bl31/psci_main.o
                0x0000000000106444                psci_cpu_suspend
 .text.psci_system_suspend
                0x0000000000106530       0x78 ./build/sun50i_h6/release/bl31/psci_main.o
                0x0000000000106530                psci_system_suspend
 .text.psci_cpu_off
                0x00000000001065a8        0x8 ./build/sun50i_h6/release/bl31/psci_main.o
                0x00000000001065a8                psci_cpu_off
 .text.psci_affinity_info
                0x00000000001065b0       0x58 ./build/sun50i_h6/release/bl31/psci_main.o
                0x00000000001065b0                psci_affinity_info
 .text.psci_migrate
                0x0000000000106608       0x7c ./build/sun50i_h6/release/bl31/psci_main.o
                0x0000000000106608                psci_migrate
 .text.psci_migrate_info_type
                0x0000000000106684       0x18 ./build/sun50i_h6/release/bl31/psci_main.o
                0x0000000000106684                psci_migrate_info_type
 .text.psci_migrate_info_up_cpu
                0x000000000010669c       0x28 ./build/sun50i_h6/release/bl31/psci_main.o
                0x000000000010669c                psci_migrate_info_up_cpu
 .text.psci_node_hw_state
                0x00000000001066c4       0x58 ./build/sun50i_h6/release/bl31/psci_main.o
                0x00000000001066c4                psci_node_hw_state
 .text.psci_features
                0x000000000010671c       0x68 ./build/sun50i_h6/release/bl31/psci_main.o
                0x000000000010671c                psci_features
 .text.psci_smc_handler
                0x0000000000106784      0x14c ./build/sun50i_h6/release/bl31/psci_main.o
                0x0000000000106784                psci_smc_handler
 .text.psci_mem_protect
                0x00000000001068d0       0x5c ./build/sun50i_h6/release/bl31/psci_mem_protect.o
                0x00000000001068d0                psci_mem_protect
 .text.psci_mem_chk_range
                0x000000000010692c       0x48 ./build/sun50i_h6/release/bl31/psci_mem_protect.o
                0x000000000010692c                psci_mem_chk_range
 .text.psci_do_cpu_off
                0x0000000000106974      0x104 ./build/sun50i_h6/release/bl31/psci_off.o
                0x0000000000106974                psci_do_cpu_off
 .text.psci_cpu_on_start
                0x0000000000106a78      0x160 ./build/sun50i_h6/release/bl31/psci_on.o
                0x0000000000106a78                psci_cpu_on_start
 .text.psci_cpu_on_finish
                0x0000000000106bd8       0xd4 ./build/sun50i_h6/release/bl31/psci_on.o
                0x0000000000106bd8                psci_cpu_on_finish
 .text.psci_arch_setup
                0x0000000000106cac       0x1c ./build/sun50i_h6/release/bl31/psci_setup.o
                0x0000000000106cac                psci_arch_setup
 .text.psci_setup
                0x0000000000106cc8      0x32c ./build/sun50i_h6/release/bl31/psci_setup.o
                0x0000000000106cc8                psci_setup
 .text.psci_cpu_suspend_start
                0x0000000000106ff4      0x1b0 ./build/sun50i_h6/release/bl31/psci_suspend.o
                0x0000000000106ff4                psci_cpu_suspend_start
 .text.psci_cpu_suspend_finish
                0x00000000001071a4       0xa0 ./build/sun50i_h6/release/bl31/psci_suspend.o
                0x00000000001071a4                psci_cpu_suspend_finish
 .text.psci_system_off
                0x0000000000107244       0x38 ./build/sun50i_h6/release/bl31/psci_system_off.o
                0x0000000000107244                psci_system_off
 .text.psci_system_reset
                0x000000000010727c       0x38 ./build/sun50i_h6/release/bl31/psci_system_off.o
                0x000000000010727c                psci_system_reset
 .text.psci_system_reset2
                0x00000000001072b4       0xa4 ./build/sun50i_h6/release/bl31/psci_system_off.o
                0x00000000001072b4                psci_system_reset2
 .text.bl31_early_platform_setup2
                0x0000000000107358       0x6c ./build/sun50i_h6/release/bl31/sunxi_bl31_setup.o
                0x0000000000107358                bl31_early_platform_setup2
 .text.bl31_plat_arch_setup
                0x00000000001073c4        0x8 ./build/sun50i_h6/release/bl31/sunxi_bl31_setup.o
                0x00000000001073c4                bl31_plat_arch_setup
 .text.bl31_platform_setup
                0x00000000001073cc      0x194 ./build/sun50i_h6/release/bl31/sunxi_bl31_setup.o
                0x00000000001073cc                bl31_platform_setup
 .text.bl31_plat_get_next_image_ep_info
                0x0000000000107560       0x38 ./build/sun50i_h6/release/bl31/sunxi_bl31_setup.o
                0x0000000000107560                bl31_plat_get_next_image_ep_info
 .text.sunxi_cpu_off
                0x0000000000107598       0xb0 ./build/sun50i_h6/release/bl31/sunxi_cpu_ops.o
                0x0000000000107598                sunxi_cpu_off
 .text.sunxi_cpu_on
                0x0000000000107648       0xf4 ./build/sun50i_h6/release/bl31/sunxi_cpu_ops.o
                0x0000000000107648                sunxi_cpu_on
 .text.sunxi_disable_secondary_cpus
                0x000000000010773c       0x78 ./build/sun50i_h6/release/bl31/sunxi_cpu_ops.o
                0x000000000010773c                sunxi_disable_secondary_cpus
 .text.sunxi_cpu_standby
                0x00000000001077b4       0x18 ./build/sun50i_h6/release/bl31/sunxi_pm.o
 .text.sunxi_validate_power_state
                0x00000000001077cc       0x80 ./build/sun50i_h6/release/bl31/sunxi_pm.o
 .text.sunxi_validate_ns_entrypoint
                0x000000000010784c       0x14 ./build/sun50i_h6/release/bl31/sunxi_pm.o
 .text.sunxi_get_sys_suspend_power_state
                0x0000000000107860       0x14 ./build/sun50i_h6/release/bl31/sunxi_pm.o
 .text.sunxi_pwr_down_wfi
                0x0000000000107874       0x18 ./build/sun50i_h6/release/bl31/sunxi_pm.o
 .text.sunxi_get_node_hw_state
                0x000000000010788c       0x80 ./build/sun50i_h6/release/bl31/sunxi_pm.o
 .text.sunxi_pwr_domain_on_finish
                0x000000000010790c       0x48 ./build/sun50i_h6/release/bl31/sunxi_pm.o
 .text.sunxi_system_reset
                0x0000000000107954       0x70 ./build/sun50i_h6/release/bl31/sunxi_pm.o
 .text.sunxi_system_off
                0x00000000001079c4       0x68 ./build/sun50i_h6/release/bl31/sunxi_pm.o
 .text.sunxi_pwr_domain_on
                0x0000000000107a2c       0x5c ./build/sun50i_h6/release/bl31/sunxi_pm.o
 .text.sunxi_pwr_domain_off
                0x0000000000107a88       0xa0 ./build/sun50i_h6/release/bl31/sunxi_pm.o
 .text.plat_setup_psci_ops
                0x0000000000107b28      0x170 ./build/sun50i_h6/release/bl31/sunxi_pm.o
                0x0000000000107b28                plat_setup_psci_ops
 .text.sunxi_security_setup
                0x0000000000107c98       0x30 ./build/sun50i_h6/release/bl31/sunxi_security.o
                0x0000000000107c98                sunxi_security_setup
 .text.plat_core_pos_by_mpidr
                0x0000000000107cc8       0x34 ./build/sun50i_h6/release/bl31/sunxi_topology.o
                0x0000000000107cc8                plat_core_pos_by_mpidr
 .text.plat_get_power_domain_tree_desc
                0x0000000000107cfc        0xc ./build/sun50i_h6/release/bl31/sunxi_topology.o
                0x0000000000107cfc                plat_get_power_domain_tree_desc
 .text.axp_read
                0x0000000000107d08       0x7c ./build/sun50i_h6/release/bl31/sunxi_power.o
                0x0000000000107d08                axp_read
 .text.axp_write
                0x0000000000107d84       0x54 ./build/sun50i_h6/release/bl31/sunxi_power.o
                0x0000000000107d84                axp_write
 .text.sunxi_pmic_setup
                0x0000000000107dd8       0x74 ./build/sun50i_h6/release/bl31/sunxi_power.o
                0x0000000000107dd8                sunxi_pmic_setup
 .text.sunxi_power_down
                0x0000000000107e4c       0x3c ./build/sun50i_h6/release/bl31/sunxi_power.o
                0x0000000000107e4c                sunxi_power_down
 .text.plat_ic_get_pending_interrupt_type
                0x0000000000107e88       0x30 ./build/sun50i_h6/release/bl31/plat_gicv2.o
                0x0000000000107e88                plat_ic_get_pending_interrupt_type
 .text.plat_get_target_pwr_state
                0x0000000000107eb8       0x28 ./build/sun50i_h6/release/bl31/plat_psci_common.o
                0x0000000000107eb8                plat_get_target_pwr_state
 .text.arm_arch_svc_smc_handler
                0x0000000000107ee0       0xf4 ./build/sun50i_h6/release/bl31/arm_arch_svc_setup.o
 .text.std_svc_smc_handler
                0x0000000000107fd4       0xa4 ./build/sun50i_h6/release/bl31/std_svc_setup.o
 .text.std_svc_setup
                0x0000000000108078       0x24 ./build/sun50i_h6/release/bl31/std_svc_setup.o
 .text.print_entry_point_info
                0x000000000010809c        0x4 ./build/sun50i_h6/release/bl31/bl_common.o
                0x000000000010809c                print_entry_point_info
 .text.tf_log   0x00000000001080a0       0x94 ./build/sun50i_h6/release/bl31/tf_log.o
                0x00000000001080a0                tf_log
 .text.console_is_registered
                0x0000000000108134       0x2c ./build/sun50i_h6/release/bl31/multi_console.o
                0x0000000000108134                console_is_registered
 .text.console_register
                0x0000000000108160       0x34 ./build/sun50i_h6/release/bl31/multi_console.o
                0x0000000000108160                console_register
 .text.console_switch_state
                0x0000000000108194        0xc ./build/sun50i_h6/release/bl31/multi_console.o
                0x0000000000108194                console_switch_state
 .text.console_putc
                0x00000000001081a0       0x9c ./build/sun50i_h6/release/bl31/multi_console.o
                0x00000000001081a0                console_putc
 .text.console_flush
                0x000000000010823c       0x70 ./build/sun50i_h6/release/bl31/multi_console.o
                0x000000000010823c                console_flush
 .text.plat_get_soc_version
                0x00000000001082ac        0x8 ./build/sun50i_h6/release/bl31/plat_bl_common.o
                0x00000000001082ac                plat_get_soc_version
 .text.plat_get_soc_revision
                0x00000000001082b4        0x8 ./build/sun50i_h6/release/bl31/plat_bl_common.o
                0x00000000001082b4                plat_get_soc_revision
 .text.plat_log_get_prefix
                0x00000000001082bc       0x30 ./build/sun50i_h6/release/bl31/plat_log_common.o
                0x00000000001082bc                plat_log_get_prefix
 .text.bl31_plat_runtime_setup
                0x00000000001082ec        0x8 ./build/sun50i_h6/release/bl31/plat_common.o
                0x00000000001082ec                bl31_plat_runtime_setup
 .text.plat_ea_handler
                0x00000000001082f4       0x74 ./build/sun50i_h6/release/bl31/plat_common.o
                0x00000000001082f4                plat_ea_handler
 .text.tcr_physical_addr_size_bits
                0x0000000000108368       0x4c ./build/sun50i_h6/release/bl31/xlat_tables_arch.o
                0x0000000000108368                tcr_physical_addr_size_bits
 .text.xlat_arch_regime_get_xn_desc
                0x00000000001083b4       0x14 ./build/sun50i_h6/release/bl31/xlat_tables_arch.o
                0x00000000001083b4                xlat_arch_regime_get_xn_desc
 .text.xlat_arch_current_el
                0x00000000001083c8        0xc ./build/sun50i_h6/release/bl31/xlat_tables_arch.o
                0x00000000001083c8                xlat_arch_current_el
 .text.setup_mmu_cfg
                0x00000000001083d4       0x7c ./build/sun50i_h6/release/bl31/xlat_tables_arch.o
                0x00000000001083d4                setup_mmu_cfg
 .text.mmap_add_region
                0x0000000000108450       0x34 ./build/sun50i_h6/release/bl31/xlat_tables_context.o
                0x0000000000108450                mmap_add_region
 .text.mmap_add
                0x0000000000108484       0x10 ./build/sun50i_h6/release/bl31/xlat_tables_context.o
                0x0000000000108484                mmap_add
 .text.init_xlat_tables
                0x0000000000108494       0x3c ./build/sun50i_h6/release/bl31/xlat_tables_context.o
                0x0000000000108494                init_xlat_tables
 .text.enable_mmu_el3
                0x00000000001084d0       0x48 ./build/sun50i_h6/release/bl31/xlat_tables_context.o
                0x00000000001084d0                enable_mmu_el3
 .text.xlat_desc
                0x0000000000108518       0xd8 ./build/sun50i_h6/release/bl31/xlat_tables_core.o
                0x0000000000108518                xlat_desc
 .text.xlat_tables_map_region
                0x00000000001085f0      0x1e4 ./build/sun50i_h6/release/bl31/xlat_tables_core.o
 .text.mmap_add_region_ctx
                0x00000000001087d4      0x234 ./build/sun50i_h6/release/bl31/xlat_tables_core.o
                0x00000000001087d4                mmap_add_region_ctx
 .text.mmap_add_ctx
                0x0000000000108a08       0x3c ./build/sun50i_h6/release/bl31/xlat_tables_core.o
                0x0000000000108a08                mmap_add_ctx
 .text.init_xlat_tables_ctx
                0x0000000000108a44       0xe4 ./build/sun50i_h6/release/bl31/xlat_tables_core.o
                0x0000000000108a44                init_xlat_tables_ctx
 .text.xlat_mmap_print
                0x0000000000108b28        0x4 ./build/sun50i_h6/release/bl31/xlat_tables_utils.o
                0x0000000000108b28                xlat_mmap_print
 .text.xlat_tables_print
                0x0000000000108b2c        0x4 ./build/sun50i_h6/release/bl31/xlat_tables_utils.o
                0x0000000000108b2c                xlat_tables_print
 .text.plat_get_syscnt_freq2
                0x0000000000108b30        0xc ./build/sun50i_h6/release/bl31/sunxi_common.o
                0x0000000000108b30                plat_get_syscnt_freq2
 .text.plat_get_ns_image_entrypoint
                0x0000000000108b3c        0x8 ./build/sun50i_h6/release/bl31/sunxi_common.o
                0x0000000000108b3c                plat_get_ns_image_entrypoint
 .text.sunxi_configure_mmu_el3
                0x0000000000108b44       0x84 ./build/sun50i_h6/release/bl31/sunxi_common.o
                0x0000000000108b44                sunxi_configure_mmu_el3
 .text.sunxi_read_soc_id
                0x0000000000108bc8       0x28 ./build/sun50i_h6/release/bl31/sunxi_common.o
                0x0000000000108bc8                sunxi_read_soc_id
 .text.sunxi_init_platform_r_twi
                0x0000000000108bf0      0x134 ./build/sun50i_h6/release/bl31/sunxi_common.o
                0x0000000000108bf0                sunxi_init_platform_r_twi
 .text.sunxi_execute_arisc_code
                0x0000000000108d24       0xa0 ./build/sun50i_h6/release/bl31/sunxi_common.o
                0x0000000000108d24                sunxi_execute_arisc_code
 .text.asm.report_unhandled_exception
                0x0000000000108dc4        0x4 ./build/sun50i_h6/release/bl31/crash_reporting.o
                0x0000000000108dc4                report_unhandled_exception
                0x0000000000108dc4                report_unhandled_interrupt
 .text.asm.enter_lower_el_sync_ea
                0x0000000000108dc8       0x78 ./build/sun50i_h6/release/bl31/ea_delegate.o
                0x0000000000108dc8                enter_lower_el_sync_ea
 .text.asm.enter_lower_el_async_ea
                0x0000000000108e40       0x1c ./build/sun50i_h6/release/bl31/ea_delegate.o
                0x0000000000108e40                enter_lower_el_async_ea
 .text.asm.delegate_sync_ea
                0x0000000000108e5c        0x4 ./build/sun50i_h6/release/bl31/ea_delegate.o
 .text.asm.delegate_async_ea
                0x0000000000108e60        0x4 ./build/sun50i_h6/release/bl31/ea_delegate.o
 .text.asm.ea_proceed
                0x0000000000108e64       0x68 ./build/sun50i_h6/release/bl31/ea_delegate.o
 .text.asm.smc_handler
                0x0000000000108ecc       0x84 ./build/sun50i_h6/release/bl31/runtime_exceptions.o
 .text.asm.cortex_a53_disable_dcache
                0x0000000000108f50       0x14 ./build/sun50i_h6/release/bl31/cortex_a53.o
 .text.asm.cortex_a53_disable_smp
                0x0000000000108f64       0x18 ./build/sun50i_h6/release/bl31/cortex_a53.o
 .text.asm.a53_disable_non_temporal_hint
                0x0000000000108f7c       0x1c ./build/sun50i_h6/release/bl31/cortex_a53.o
 .text.asm.check_errata_disable_non_temporal_hint
                0x0000000000108f98        0x8 ./build/sun50i_h6/release/bl31/cortex_a53.o
 .text.asm.errata_a53_855873_wa
                0x0000000000108fa0       0x1c ./build/sun50i_h6/release/bl31/cortex_a53.o
 .text.asm.check_errata_855873
                0x0000000000108fbc        0x8 ./build/sun50i_h6/release/bl31/cortex_a53.o
 .text.asm.cortex_a53_reset_func
                0x0000000000108fc4       0x30 ./build/sun50i_h6/release/bl31/cortex_a53.o
 .text.asm.cortex_a53_core_pwr_dwn
                0x0000000000108ff4       0x18 ./build/sun50i_h6/release/bl31/cortex_a53.o
 .text.asm.cortex_a53_cluster_pwr_dwn
                0x000000000010900c       0x24 ./build/sun50i_h6/release/bl31/cortex_a53.o
 .text.asm.reset_handler
                0x0000000000109030       0x20 ./build/sun50i_h6/release/bl31/cpu_helpers.o
                0x0000000000109030                reset_handler
 .text.asm.prepare_cpu_pwr_dwn
                0x0000000000109050       0x24 ./build/sun50i_h6/release/bl31/cpu_helpers.o
                0x0000000000109050                prepare_cpu_pwr_dwn
 .text.asm.init_cpu_ops
                0x0000000000109074       0x20 ./build/sun50i_h6/release/bl31/cpu_helpers.o
                0x0000000000109074                init_cpu_ops
 .text.asm.get_cpu_ops_ptr
                0x0000000000109094       0x3c ./build/sun50i_h6/release/bl31/cpu_helpers.o
                0x0000000000109094                get_cpu_ops_ptr
 .text.asm.cpu_get_rev_var
                0x00000000001090d0       0x10 ./build/sun50i_h6/release/bl31/cpu_helpers.o
                0x00000000001090d0                cpu_get_rev_var
 .text.asm.cpu_rev_var_ls
                0x00000000001090e0       0x14 ./build/sun50i_h6/release/bl31/cpu_helpers.o
                0x00000000001090e0                cpu_rev_var_ls
 .text.asm.cpu_rev_var_hs
                0x00000000001090f4       0x14 ./build/sun50i_h6/release/bl31/cpu_helpers.o
                0x00000000001090f4                cpu_rev_var_hs
 .text.asm.check_wa_cve_2017_5715
                0x0000000000109108       0x20 ./build/sun50i_h6/release/bl31/cpu_helpers.o
                0x0000000000109108                check_wa_cve_2017_5715
 .text.asm.el1_sysregs_context_restore
                0x0000000000109128       0xac ./build/sun50i_h6/release/bl31/context.o
                0x0000000000109128                el1_sysregs_context_restore
 .text.asm.save_gp_pmcr_pauth_regs
                0x00000000001091d4       0x74 ./build/sun50i_h6/release/bl31/context.o
                0x00000000001091d4                save_gp_pmcr_pauth_regs
 .text.asm.restore_gp_pmcr_pauth_regs
                0x0000000000109248       0x68 ./build/sun50i_h6/release/bl31/context.o
                0x0000000000109248                restore_gp_pmcr_pauth_regs
 .text.asm.el3_exit
                0x00000000001092b0       0x34 ./build/sun50i_h6/release/bl31/context.o
                0x00000000001092b0                el3_exit
 .text.asm.init_cpu_data_ptr
                0x00000000001092e4       0x14 ./build/sun50i_h6/release/bl31/cpu_data.o
                0x00000000001092e4                init_cpu_data_ptr
 .text.asm._cpu_data_by_index
                0x00000000001092f8       0x18 ./build/sun50i_h6/release/bl31/cpu_data.o
                0x00000000001092f8                _cpu_data_by_index
 .text.asm.spin_lock
                0x0000000000109310       0x20 ./build/sun50i_h6/release/bl31/spinlock.o
                0x0000000000109310                spin_lock
 .text.asm.spin_unlock
                0x0000000000109330        0x8 ./build/sun50i_h6/release/bl31/spinlock.o
                0x0000000000109330                spin_unlock
 .text.asm.psci_do_pwrdown_cache_maintenance
                0x0000000000109338       0x3c ./build/sun50i_h6/release/bl31/psci_helpers.o
                0x0000000000109338                psci_do_pwrdown_cache_maintenance
 .text.asm.psci_power_down_wfi
                0x0000000000109374        0xc ./build/sun50i_h6/release/bl31/psci_helpers.o
                0x0000000000109374                psci_power_down_wfi
 .text.asm.plat_get_my_stack
                0x0000000000109380       0x1c ./build/sun50i_h6/release/bl31/platform_mp_stack.o
                0x0000000000109380                plat_get_my_stack
 .text.asm.plat_set_my_stack
                0x000000000010939c       0x10 ./build/sun50i_h6/release/bl31/platform_mp_stack.o
                0x000000000010939c                plat_set_my_stack
 .text.asm.asm_print_str
                0x00000000001093ac       0x18 ./build/sun50i_h6/release/bl31/debug.o
                0x00000000001093ac                asm_print_str
 .text.asm.asm_print_hex
                0x00000000001093c4       0x30 ./build/sun50i_h6/release/bl31/debug.o
                0x00000000001093c4                asm_print_hex
                0x00000000001093c8                asm_print_hex_bits
 .text.asm.do_panic
                0x00000000001093f4       0x2c ./build/sun50i_h6/release/bl31/debug.o
                0x00000000001093f4                do_panic
                0x00000000001093f4                el3_panic
 .text.asm.flush_dcache_range
                0x0000000000109420       0x38 ./build/sun50i_h6/release/bl31/cache_helpers.o
                0x0000000000109420                flush_dcache_range
 .text.asm.clean_dcache_range
                0x0000000000109458       0x38 ./build/sun50i_h6/release/bl31/cache_helpers.o
                0x0000000000109458                clean_dcache_range
 .text.asm.inv_dcache_range
                0x0000000000109490       0x38 ./build/sun50i_h6/release/bl31/cache_helpers.o
                0x0000000000109490                inv_dcache_range
 .text.asm.do_dcsw_op
                0x00000000001094c8       0xdc ./build/sun50i_h6/release/bl31/cache_helpers.o
 .text.asm.dcsw_op_level1
                0x00000000001095a4       0x10 ./build/sun50i_h6/release/bl31/cache_helpers.o
                0x00000000001095a4                dcsw_op_level1
 .text.asm.dcsw_op_level2
                0x00000000001095b4       0x10 ./build/sun50i_h6/release/bl31/cache_helpers.o
                0x00000000001095b4                dcsw_op_level2
 .text.asm.zeromem
                0x00000000001095c4        0x8 ./build/sun50i_h6/release/bl31/misc_helpers.o
                0x00000000001095c4                zeromem
 .text.asm.zeromem_dczva
                0x00000000001095cc       0xe8 ./build/sun50i_h6/release/bl31/misc_helpers.o
                0x00000000001095cc                zero_normalmem
 .text.asm.plat_reset_handler
                0x00000000001096b4        0x4 ./build/sun50i_h6/release/bl31/platform_helpers.o
                0x00000000001096b4                plat_reset_handler
 .text.asm.plat_disable_acp
                0x00000000001096b8        0x4 ./build/sun50i_h6/release/bl31/platform_helpers.o
                0x00000000001096b8                plat_disable_acp
 .text.asm.plat_panic_handler
                0x00000000001096bc        0x8 ./build/sun50i_h6/release/bl31/platform_helpers.o
                0x00000000001096bc                plat_panic_handler
 .text.asm.bl31_plat_enable_mmu
                0x00000000001096c4        0x4 ./build/sun50i_h6/release/bl31/platform_helpers.o
                0x00000000001096c4                bl31_plat_enable_mmu
 .text.asm.plat_handle_double_fault
                0x00000000001096c8        0x4 ./build/sun50i_h6/release/bl31/platform_helpers.o
                0x00000000001096c8                plat_handle_double_fault
 .text.asm.plat_handle_el3_ea
                0x00000000001096cc        0x4 ./build/sun50i_h6/release/bl31/platform_helpers.o
                0x00000000001096cc                plat_handle_el3_ea
 .text.asm.console_16550_core_init
                0x00000000001096d0       0x70 ./build/sun50i_h6/release/bl31/16550_console.o
                0x00000000001096d0                console_16550_core_init
 .text.asm.console_16550_register
                0x0000000000109740       0x58 ./build/sun50i_h6/release/bl31/16550_console.o
                0x0000000000109740                console_16550_register
 .text.asm.console_16550_core_putc
                0x0000000000109798       0x38 ./build/sun50i_h6/release/bl31/16550_console.o
                0x0000000000109798                console_16550_core_putc
 .text.asm.console_16550_putc
                0x00000000001097d0        0x8 ./build/sun50i_h6/release/bl31/16550_console.o
                0x00000000001097d0                console_16550_putc
 .text.asm.console_16550_core_getc
                0x00000000001097d8       0x18 ./build/sun50i_h6/release/bl31/16550_console.o
                0x00000000001097d8                console_16550_core_getc
 .text.asm.console_16550_getc
                0x00000000001097f0        0x8 ./build/sun50i_h6/release/bl31/16550_console.o
                0x00000000001097f0                console_16550_getc
 .text.asm.console_16550_core_flush
                0x00000000001097f8       0x18 ./build/sun50i_h6/release/bl31/16550_console.o
                0x00000000001097f8                console_16550_core_flush
 .text.asm.console_16550_flush
                0x0000000000109810        0x8 ./build/sun50i_h6/release/bl31/16550_console.o
                0x0000000000109810                console_16550_flush
 .text.asm.enable_mmu_direct_el3
                0x0000000000109818       0x58 ./build/sun50i_h6/release/bl31/enable_mmu.o
                0x0000000000109818                enable_mmu_direct_el3
 .text.asm.plat_crash_console_init
                0x0000000000109870       0x18 ./build/sun50i_h6/release/bl31/plat_helpers.o
                0x0000000000109870                plat_crash_console_init
 .text.asm.plat_crash_console_putc
                0x0000000000109888        0x8 ./build/sun50i_h6/release/bl31/plat_helpers.o
                0x0000000000109888                plat_crash_console_putc
 .text.asm.plat_crash_console_flush
                0x0000000000109890        0x4 ./build/sun50i_h6/release/bl31/plat_helpers.o
                0x0000000000109890                plat_crash_console_flush
 .text.asm.plat_my_core_pos
                0x0000000000109894       0x14 ./build/sun50i_h6/release/bl31/plat_helpers.o
                0x0000000000109894                plat_my_core_pos
 .text.asm.platform_mem_init
                0x00000000001098a8        0x4 ./build/sun50i_h6/release/bl31/plat_helpers.o
                0x00000000001098a8                platform_mem_init
 .text.fdt32_to_cpu
                0x00000000001098ac        0x8 ./build/sun50i_h6/release/lib/libfdt.a(fdt.o)
 .text.fdt_check_header
                0x00000000001098b4       0x88 ./build/sun50i_h6/release/lib/libfdt.a(fdt.o)
                0x00000000001098b4                fdt_check_header
 .text.fdt_offset_ptr
                0x000000000010993c       0x7c ./build/sun50i_h6/release/lib/libfdt.a(fdt.o)
                0x000000000010993c                fdt_offset_ptr
 .text.fdt_next_tag
                0x00000000001099b8      0x108 ./build/sun50i_h6/release/lib/libfdt.a(fdt.o)
                0x00000000001099b8                fdt_next_tag
 .text.fdt_check_node_offset_
                0x0000000000109ac0       0x40 ./build/sun50i_h6/release/lib/libfdt.a(fdt.o)
                0x0000000000109ac0                fdt_check_node_offset_
 .text.fdt_check_prop_offset_
                0x0000000000109b00       0x40 ./build/sun50i_h6/release/lib/libfdt.a(fdt.o)
                0x0000000000109b00                fdt_check_prop_offset_
 .text.fdt_next_node
                0x0000000000109b40       0xb0 ./build/sun50i_h6/release/lib/libfdt.a(fdt.o)
                0x0000000000109b40                fdt_next_node
 .text.fdt_first_subnode
                0x0000000000109bf0       0x34 ./build/sun50i_h6/release/lib/libfdt.a(fdt.o)
                0x0000000000109bf0                fdt_first_subnode
 .text.fdt_next_subnode
                0x0000000000109c24       0x50 ./build/sun50i_h6/release/lib/libfdt.a(fdt.o)
                0x0000000000109c24                fdt_next_subnode
 .text.fdt32_to_cpu
                0x0000000000109c74        0x8 ./build/sun50i_h6/release/lib/libfdt.a(fdt_ro.o)
 .text.nextprop_
                0x0000000000109c7c       0x64 ./build/sun50i_h6/release/lib/libfdt.a(fdt_ro.o)
 .text.fdt_get_property_by_offset_
                0x0000000000109ce0       0x68 ./build/sun50i_h6/release/lib/libfdt.a(fdt_ro.o)
 .text.fdt_string
                0x0000000000109d48       0x28 ./build/sun50i_h6/release/lib/libfdt.a(fdt_ro.o)
                0x0000000000109d48                fdt_string
 .text.fdt_get_name
                0x0000000000109d70       0xa8 ./build/sun50i_h6/release/lib/libfdt.a(fdt_ro.o)
                0x0000000000109d70                fdt_get_name
 .text.fdt_subnode_offset_namelen
                0x0000000000109e18       0xe4 ./build/sun50i_h6/release/lib/libfdt.a(fdt_ro.o)
                0x0000000000109e18                fdt_subnode_offset_namelen
 .text.fdt_subnode_offset
                0x0000000000109efc       0x44 ./build/sun50i_h6/release/lib/libfdt.a(fdt_ro.o)
                0x0000000000109efc                fdt_subnode_offset
 .text.fdt_first_property_offset
                0x0000000000109f40       0x38 ./build/sun50i_h6/release/lib/libfdt.a(fdt_ro.o)
                0x0000000000109f40                fdt_first_property_offset
 .text.fdt_next_property_offset
                0x0000000000109f78       0x38 ./build/sun50i_h6/release/lib/libfdt.a(fdt_ro.o)
                0x0000000000109f78                fdt_next_property_offset
 .text.fdt_get_property_namelen_
                0x0000000000109fb0       0xd4 ./build/sun50i_h6/release/lib/libfdt.a(fdt_ro.o)
 .text.fdt_getprop_namelen
                0x000000000010a084       0x6c ./build/sun50i_h6/release/lib/libfdt.a(fdt_ro.o)
                0x000000000010a084                fdt_getprop_namelen
 .text.fdt_getprop
                0x000000000010a0f0       0x4c ./build/sun50i_h6/release/lib/libfdt.a(fdt_ro.o)
                0x000000000010a0f0                fdt_getprop
 .text.fdt_stringlist_contains
                0x000000000010a13c       0x98 ./build/sun50i_h6/release/lib/libfdt.a(fdt_ro.o)
                0x000000000010a13c                fdt_stringlist_contains
 .text.fdt_node_check_compatible
                0x000000000010a1d4       0x4c ./build/sun50i_h6/release/lib/libfdt.a(fdt_ro.o)
                0x000000000010a1d4                fdt_node_check_compatible
 .text.fdt_node_offset_by_compatible
                0x000000000010a220       0x84 ./build/sun50i_h6/release/lib/libfdt.a(fdt_ro.o)
                0x000000000010a220                fdt_node_offset_by_compatible
 .text.memchr   0x000000000010a2a4       0x2c ./build/sun50i_h6/release/lib/libc.a(memchr.o)
                0x000000000010a2a4                memchr
 .text.memcmp   0x000000000010a2d0       0x34 ./build/sun50i_h6/release/lib/libc.a(memcmp.o)
                0x000000000010a2d0                memcmp
 .text.memcpy   0x000000000010a304       0x20 ./build/sun50i_h6/release/lib/libc.a(memcpy.o)
                0x000000000010a304                memcpy
 .text.memmove  0x000000000010a324       0x34 ./build/sun50i_h6/release/lib/libc.a(memmove.o)
                0x000000000010a324                memmove
 .text.memset   0x000000000010a358       0x1c ./build/sun50i_h6/release/lib/libc.a(memset.o)
                0x000000000010a358                memset
 .text.unsigned_num_print
                0x000000000010a374       0xd0 ./build/sun50i_h6/release/lib/libc.a(printf.o)
 .text.vprintf  0x000000000010a444      0x3f0 ./build/sun50i_h6/release/lib/libc.a(printf.o)
                0x000000000010a444                vprintf
 .text.putchar  0x000000000010a834       0x2c ./build/sun50i_h6/release/lib/libc.a(putchar.o)
                0x000000000010a834                putchar
 .text.strlen   0x000000000010a860       0x1c ./build/sun50i_h6/release/lib/libc.a(strlen.o)
                0x000000000010a860                strlen
 .text.strncmp  0x000000000010a87c       0x38 ./build/sun50i_h6/release/lib/libc.a(strncmp.o)
                0x000000000010a87c                strncmp
 .text.strrchr  0x000000000010a8b4       0x28 ./build/sun50i_h6/release/lib/libc.a(strrchr.o)
                0x000000000010a8b4                strrchr
 *(.vectors)
 *fill*         0x000000000010a8dc      0x724 
 .vectors       0x000000000010b000      0x800 ./build/sun50i_h6/release/bl31/runtime_exceptions.o
                0x000000000010b000                sync_exception_sp_el0
                0x000000000010b000                runtime_exceptions
                0x000000000010b080                irq_sp_el0
                0x000000000010b100                fiq_sp_el0
                0x000000000010b180                serror_sp_el0
                0x000000000010b200                sync_exception_sp_elx
                0x000000000010b280                irq_sp_elx
                0x000000000010b300                fiq_sp_elx
                0x000000000010b380                serror_sp_elx
                0x000000000010b400                sync_exception_aarch64
                0x000000000010b480                irq_aarch64
                0x000000000010b500                fiq_aarch64
                0x000000000010b580                serror_aarch64
                0x000000000010b600                sync_exception_aarch32
                0x000000000010b680                irq_aarch32
                0x000000000010b700                fiq_aarch32
                0x000000000010b780                serror_aarch32
                0x000000000010c000                . = ALIGN (0x1000)
 *fill*         0x000000000010b800      0x800 
                0x000000000010c000                __TEXT_END__ = .

.iplt           0x000000000010c000        0x0
 .iplt          0x000000000010c000        0x0 ./build/sun50i_h6/release/bl31/bl31_context_mgmt.o

.rodata         0x000000000010c000     0x1000
                0x000000000010c000                __RODATA_START__ = .
 *(SORT_BY_ALIGNMENT(.rodata*))
 .rodata.psci_args.0
                0x000000000010c000       0x10 ./build/sun50i_h6/release/bl31/bl31_main.o
 .rodata.axp_compatible
                0x000000000010c010        0x8 ./build/sun50i_h6/release/bl31/axp805.o
                0x000000000010c010                axp_compatible
 .rodata.axp_regulators
                0x000000000010c018      0x180 ./build/sun50i_h6/release/bl31/axp805.o
                0x000000000010c018                axp_regulators
 .rodata.sunxi_gic_data
                0x000000000010c198       0x30 ./build/sun50i_h6/release/bl31/sunxi_bl31_setup.o
 .rodata.plat_prefix_str
                0x000000000010c1c8       0x28 ./build/sun50i_h6/release/bl31/plat_log_common.o
 .rodata.sunxi_mmap
                0x000000000010c1f0       0xf0 ./build/sun50i_h6/release/bl31/sunxi_common.o
 .rodata.psci_smc_handler
                0x000000000010c2e0       0x2c ./build/sun50i_h6/release/bl31/psci_main.o
 .rodata.fdt_next_tag
                0x000000000010c30c        0x9 ./build/sun50i_h6/release/lib/libfdt.a(fdt.o)
 *fill*         0x000000000010c315        0x3 
 .rodata.vprintf
                0x000000000010c318       0x2e ./build/sun50i_h6/release/lib/libc.a(printf.o)
 .rodata.build_message
                0x000000000010c346       0x1e ./build/sun50i_h6/release/bl31/build_message.o
                0x000000000010c346                build_message
 .rodata.version_string
                0x000000000010c364        0xc ./build/sun50i_h6/release/bl31/build_message.o
                0x000000000010c364                version_string
 .rodata.bl31_prepare_next_image_entry.str1.1
                0x000000000010c370       0x50 ./build/sun50i_h6/release/bl31/bl31_main.o
 .rodata.bl31_main.str1.1
                0x000000000010c3c0        0xb ./build/sun50i_h6/release/bl31/bl31_main.o
 .rodata.runtime_svc_init.str1.1
                0x000000000010c3cb       0x50 ./build/sun50i_h6/release/bl31/runtime_svc.o
 .rodata.str1.1
                0x000000000010c41b       0x6a ./build/sun50i_h6/release/bl31/axp805.o
 .rodata.axp_chip_id
                0x000000000010c485        0x1 ./build/sun50i_h6/release/bl31/axp805.o
                0x000000000010c485                axp_chip_id
 .rodata.axp_check_id.str1.1
                0x000000000010c486       0x20 ./build/sun50i_h6/release/bl31/common.o
 .rodata.axp_setup_regulators.str1.1
                0x000000000010c4a6       0x74 ./build/sun50i_h6/release/bl31/common.o
                                         0x77 (size before relaxing)
 .rodata.scpi_secure_message_receive.str1.1
                0x000000000010c51a       0x2e ./build/sun50i_h6/release/bl31/css_scpi.o
 .rodata.scpi_wait_ready.str1.1
                0x000000000010c548       0x7b ./build/sun50i_h6/release/bl31/css_scpi.o
 .rodata.mentor_i2c_stop_bit_set.str1.1
                0x000000000010c5c3       0x6e ./build/sun50i_h6/release/bl31/mi2cv.o
 .rodata.mentor_i2c_data_transmit.str1.1
                0x000000000010c631       0x3b ./build/sun50i_h6/release/bl31/mi2cv.o
 .rodata.mentor_i2c_start_bit_set.str1.1
                0x000000000010c66c       0x45 ./build/sun50i_h6/release/bl31/mi2cv.o
 .rodata.i2c_read.str1.1
                0x000000000010c6b1       0x6b ./build/sun50i_h6/release/bl31/mi2cv.o
 .rodata.__func__.0
                0x000000000010c71c       0x18 ./build/sun50i_h6/release/bl31/mi2cv.o
 .rodata.__func__.1
                0x000000000010c734       0x18 ./build/sun50i_h6/release/bl31/mi2cv.o
 .rodata.__func__.2
                0x000000000010c74c       0x17 ./build/sun50i_h6/release/bl31/mi2cv.o
 .rodata.__func__.3
                0x000000000010c763       0x19 ./build/sun50i_h6/release/bl31/mi2cv.o
 .rodata.__func__.4
                0x000000000010c77c       0x19 ./build/sun50i_h6/release/bl31/mi2cv.o
 .rodata.cm_setup_context.str1.1
                0x000000000010c795       0x23 ./build/sun50i_h6/release/bl31/context_mgmt.o
 .rodata.psci_warmboot_entrypoint.str1.1
                0x000000000010c7b8       0x22 ./build/sun50i_h6/release/bl31/psci_common.o
 .rodata.psci_cpu_suspend.str1.1
                0x000000000010c7da       0x33 ./build/sun50i_h6/release/bl31/psci_main.o
 .rodata.bl31_platform_setup.str1.1
                0x000000000010c80d       0x89 ./build/sun50i_h6/release/bl31/sunxi_bl31_setup.o
 .rodata.sunxi_system_reset.str1.1
                0x000000000010c896       0x3e ./build/sun50i_h6/release/bl31/sunxi_pm.o
 .rodata.sunxi_system_off.str1.1
                0x000000000010c8d4       0x31 ./build/sun50i_h6/release/bl31/sunxi_pm.o
 .rodata.plat_setup_psci_ops.str1.1
                0x000000000010c905       0x3c ./build/sun50i_h6/release/bl31/sunxi_pm.o
 .rodata.plat_power_domain_tree_desc
                0x000000000010c941        0x3 ./build/sun50i_h6/release/bl31/sunxi_topology.o
 .rodata.axp_read.str1.1
                0x000000000010c944       0x29 ./build/sun50i_h6/release/bl31/sunxi_power.o
 .rodata.axp_write.str1.1
                0x000000000010c96d       0x2a ./build/sun50i_h6/release/bl31/sunxi_power.o
 .rodata.str1.1
                0x000000000010c997        0xd ./build/sun50i_h6/release/bl31/arm_arch_svc_setup.o
 .rodata.str1.1
                0x000000000010c9a4        0x8 ./build/sun50i_h6/release/bl31/std_svc_setup.o
 .rodata.str1.1
                0x000000000010c9ac       0x32 ./build/sun50i_h6/release/bl31/plat_log_common.o
 .rodata.plat_ea_handler.str1.1
                0x000000000010c9de       0x69 ./build/sun50i_h6/release/bl31/plat_common.o
 .rodata.mmap_add_region_ctx.str1.1
                0x000000000010ca47       0x2b ./build/sun50i_h6/release/bl31/xlat_tables_core.o
 .rodata.init_xlat_tables_ctx.str1.1
                0x000000000010ca72       0x4f ./build/sun50i_h6/release/bl31/xlat_tables_core.o
 .rodata.panic_str
                0x000000000010cac1       0x11 ./build/sun50i_h6/release/bl31/debug.o
 .rodata.fdt_node_check_compatible.str1.1
                0x000000000010cad2        0xb ./build/sun50i_h6/release/lib/libfdt.a(fdt_ro.o)
 .rodata.vprintf.str1.1
                0x000000000010cadd        0x3 ./build/sun50i_h6/release/lib/libc.a(printf.o)
                0x000000000010cae0                . = ALIGN (0x8)
                0x000000000010cae0                __RT_SVC_DESCS_START__ = .
 *(rt_svc_descs)
 rt_svc_descs   0x000000000010cae0       0x20 ./build/sun50i_h6/release/bl31/arm_arch_svc_setup.o
 rt_svc_descs   0x000000000010cb00       0x20 ./build/sun50i_h6/release/bl31/std_svc_setup.o
                0x000000000010cb20                __RT_SVC_DESCS_END__ = .
                0x000000000010cb20                . = ALIGN (0x8)
                0x000000000010cb20                __FCONF_POPULATOR_START__ = .
 *(.fconf_populator)
                0x000000000010cb20                __FCONF_POPULATOR_END__ = .
                0x000000000010cb20                . = ALIGN (0x8)
                0x000000000010cb20                __PMF_SVC_DESCS_START__ = .
 *(pmf_svc_descs)
                0x000000000010cb20                __PMF_SVC_DESCS_END__ = .
                0x000000000010cb20                . = ALIGN (0x8)
                0x000000000010cb20                __PARSER_LIB_DESCS_START__ = .
 *(.img_parser_lib_descs)
                0x000000000010cb20                __PARSER_LIB_DESCS_END__ = .
                0x000000000010cb20                . = ALIGN (0x8)
                0x000000000010cb20                __CPU_OPS_START__ = .
 *(cpu_ops)
 cpu_ops        0x000000000010cb20       0x38 ./build/sun50i_h6/release/bl31/cortex_a53.o
                0x000000000010cb58                __CPU_OPS_END__ = .
                0x000000000010cb58                . = ALIGN (0x8)
                0x000000000010cb58                __GOT_START__ = .
 *(.got)
                0x000000000010cb58                __GOT_END__ = .
                0x000000000010cb58                . = ALIGN (0x8)
                0x000000000010cb58                __pubsub_psci_cpu_on_finish_start = .
 *(__pubsub_psci_cpu_on_finish)
                0x000000000010cb58                __pubsub_psci_cpu_on_finish_end = .
                0x000000000010cb58                __pubsub_psci_suspend_pwrdown_start_start = .
 *(__pubsub_psci_suspend_pwrdown_start)
                0x000000000010cb58                __pubsub_psci_suspend_pwrdown_start_end = .
                0x000000000010cb58                __pubsub_psci_suspend_pwrdown_finish_start = .
 *(__pubsub_psci_suspend_pwrdown_finish)
                0x000000000010cb58                __pubsub_psci_suspend_pwrdown_finish_end = .
                0x000000000010cb58                __pubsub_cm_entering_secure_world_start = .
 *(__pubsub_cm_entering_secure_world)
                0x000000000010cb58                __pubsub_cm_entering_secure_world_end = .
                0x000000000010cb58                __pubsub_cm_exited_secure_world_start = .
 *(__pubsub_cm_exited_secure_world)
                0x000000000010cb58                __pubsub_cm_exited_secure_world_end = .
                0x000000000010cb58                __pubsub_cm_entering_normal_world_start = .
 *(__pubsub_cm_entering_normal_world)
                0x000000000010cb58                __pubsub_cm_entering_normal_world_end = .
                0x000000000010cb58                __pubsub_cm_exited_normal_world_start = .
 *(__pubsub_cm_exited_normal_world)
                0x000000000010cb58                __pubsub_cm_exited_normal_world_end = .
                0x000000000010d000                . = ALIGN (0x1000)
 *fill*         0x000000000010cb58      0x4a8 
                0x000000000010d000                __RODATA_END__ = .
                0x0000000000000001                ASSERT ((__CPU_OPS_END__ > __CPU_OPS_START__), cpu_ops not defined for this platform.)
                0x000000000010d000                __RW_START__ = .

.data           0x000000000010d000      0x17d
                0x000000000010d000                __DATA_START__ = .
 *(SORT_BY_ALIGNMENT(.data*))
 .data.sunxi_psci_ops
                0x000000000010d000       0xa8 ./build/sun50i_h6/release/bl31/sunxi_pm.o
 .data.tf_xlat_ctx
                0x000000000010d0a8       0x60 ./build/sun50i_h6/release/bl31/xlat_tables_context.o
 .data.next_image_type
                0x000000000010d108        0x4 ./build/sun50i_h6/release/bl31/bl31_main.o
 .data.arisc_core_off
                0x000000000010d10c       0x6c ./build/sun50i_h6/release/bl31/sunxi_cpu_ops.o
 .data.max_log_level
                0x000000000010d178        0x4 ./build/sun50i_h6/release/bl31/tf_log.o
 .data.console_state
                0x000000000010d17c        0x1 ./build/sun50i_h6/release/bl31/multi_console.o
                0x000000000010d17c                console_state
                0x000000000010d17d                __DATA_END__ = .

.igot.plt       0x000000000010d180        0x0
 .igot.plt      0x000000000010d180        0x0 ./build/sun50i_h6/release/bl31/bl31_context_mgmt.o
                0x000000000010d180                . = ALIGN (0x8)
                0x000000000010d180                __RELA_START__ = .

.rela.dyn       0x000000000010d180        0x0
 .rela.iplt     0x000000000010d180        0x0 ./build/sun50i_h6/release/bl31/bl31_context_mgmt.o
 .rela.text.runtime_svc_init
                0x000000000010d180        0x0 ./build/sun50i_h6/release/bl31/bl31_context_mgmt.o
 .rela.text.cm_el1_sysregs_context_restore
                0x000000000010d180        0x0 ./build/sun50i_h6/release/bl31/bl31_context_mgmt.o
 .rela.text.psci_cpu_on_finish
                0x000000000010d180        0x0 ./build/sun50i_h6/release/bl31/bl31_context_mgmt.o
 .rela.text.psci_cpu_suspend_start
                0x000000000010d180        0x0 ./build/sun50i_h6/release/bl31/bl31_context_mgmt.o
 .rela.text.psci_cpu_suspend_finish
                0x000000000010d180        0x0 ./build/sun50i_h6/release/bl31/bl31_context_mgmt.o
 .rela.text.sunxi_configure_mmu_el3
                0x000000000010d180        0x0 ./build/sun50i_h6/release/bl31/bl31_context_mgmt.o
 .rela.text.asm.bl31_entrypoint
                0x000000000010d180        0x0 ./build/sun50i_h6/release/bl31/bl31_context_mgmt.o
 .rela.text.asm.smc_handler
                0x000000000010d180        0x0 ./build/sun50i_h6/release/bl31/bl31_context_mgmt.o
 .rela.text.asm.get_cpu_ops_ptr
                0x000000000010d180        0x0 ./build/sun50i_h6/release/bl31/bl31_context_mgmt.o
                0x000000000010d180                __RELA_END__ = .
                0x000000000010e000                . = ALIGN (0x1000)
                0x000000000010e000                __RW_END__ = .
                0x000000000010e000                __BL31_END__ = .
                0x0000000000000001                ASSERT ((. <= 0x114000), BL31 image has exceeded its limit.)
                0x0000000000021000                . = 0x21000
                0x0000000000000001                ASSERT ((. == ALIGN (0x1000)), BL31 NOBITS base address is not aligned on a page boundary.)
                0x0000000000021000                __NOBITS_START__ = .

stacks          0x0000000000021000     0x1000
                0x0000000000021000                __STACKS_START__ = .
 *(tzfw_normal_stacks)
 tzfw_normal_stacks
                0x0000000000021000     0x1000 ./build/sun50i_h6/release/bl31/platform_mp_stack.o
                0x0000000000022000                __STACKS_END__ = .

.bss            0x0000000000022000     0x1400
                0x0000000000022000                __BSS_START__ = .
 *(SORT_BY_ALIGNMENT(.bss*))
 .bss.percpu_data
                0x0000000000022000      0x100 ./build/sun50i_h6/release/bl31/cpu_data_array.o
                0x0000000000022000                percpu_data
 .bss.psci_ns_context
                0x0000000000022100      0x880 ./build/sun50i_h6/release/bl31/psci_setup.o
 .bss.bl32_init
                0x0000000000022980        0x8 ./build/sun50i_h6/release/bl31/bl31_main.o
 .bss.intr_type_descs
                0x0000000000022988       0x60 ./build/sun50i_h6/release/bl31/interrupt_mgmt.o
 .bss.driver_data
                0x00000000000229e8        0x8 ./build/sun50i_h6/release/bl31/gicv2_main.o
 .bss.timer_ops
                0x00000000000229f0        0x8 ./build/sun50i_h6/release/bl31/delay_timer.o
 .bss.ops       0x00000000000229f8       0x10 ./build/sun50i_h6/release/bl31/generic_delay_timer.o
 .bss.base      0x0000000000022a08        0x8 ./build/sun50i_h6/release/bl31/mi2cv.o
 .bss.psci_cpu_pd_nodes
                0x0000000000022a10       0x40 ./build/sun50i_h6/release/bl31/psci_common.o
                0x0000000000022a10                psci_cpu_pd_nodes
 .bss.psci_plat_pm_ops
                0x0000000000022a50        0x8 ./build/sun50i_h6/release/bl31/psci_common.o
                0x0000000000022a50                psci_plat_pm_ops
 .bss.psci_spd_pm
                0x0000000000022a58        0x8 ./build/sun50i_h6/release/bl31/psci_common.o
                0x0000000000022a58                psci_spd_pm
 .bss.bl32_image_ep_info
                0x0000000000022a60       0x58 ./build/sun50i_h6/release/bl31/sunxi_bl31_setup.o
 .bss.bl33_image_ep_info
                0x0000000000022ab8       0x58 ./build/sun50i_h6/release/bl31/sunxi_bl31_setup.o
 .bss.console   0x0000000000022b10       0x30 ./build/sun50i_h6/release/bl31/sunxi_bl31_setup.o
 .bss.console_list
                0x0000000000022b40        0x8 ./build/sun50i_h6/release/bl31/multi_console.o
                0x0000000000022b40                console_list
 .bss.mmu_cfg_params
                0x0000000000022b48       0x18 ./build/sun50i_h6/release/bl31/xlat_tables_context.o
                0x0000000000022b48                mmu_cfg_params
 .bss.tf_mmap   0x0000000000022b60      0x168 ./build/sun50i_h6/release/bl31/xlat_tables_context.o
 .bss.psci_plat_core_count
                0x0000000000022cc8        0x4 ./build/sun50i_h6/release/bl31/psci_common.o
                0x0000000000022cc8                psci_plat_core_count
 .bss.psci_caps
                0x0000000000022ccc        0x4 ./build/sun50i_h6/release/bl31/psci_setup.o
                0x0000000000022ccc                psci_caps
 .bss.pmic      0x0000000000022cd0        0x4 ./build/sun50i_h6/release/bl31/sunxi_power.o
 .bss.rt_svc_descs_indices
                0x0000000000022cd4       0x80 ./build/sun50i_h6/release/bl31/runtime_svc.o
                0x0000000000022cd4                rt_svc_descs_indices
 .bss.psci_req_local_pwr_states
                0x0000000000022d54        0x8 ./build/sun50i_h6/release/bl31/psci_common.o
 .bss.scpi_available
                0x0000000000022d5c        0x1 ./build/sun50i_h6/release/bl31/sunxi_pm.o
 *(COMMON)
                0x0000000000022d80                . = ALIGN (0x40)
 *fill*         0x0000000000022d5d       0x23 
                0x0000000000022d80                __PMF_TIMESTAMP_START__ = .
 *(pmf_timestamp_array)
                0x0000000000022d80                . = ALIGN (0x40)
                0x0000000000022d80                __PMF_PERCPU_TIMESTAMP_END__ = .
                0x0000000000000000                __PERCPU_TIMESTAMP_SIZE__ = ABSOLUTE ((. - __PMF_TIMESTAMP_START__))
                0x0000000000022d80                . = (. + (__PERCPU_TIMESTAMP_SIZE__ * 0x3))
                0x0000000000022d80                __PMF_TIMESTAMP_END__ = .
                0x0000000000022d80                . = ALIGN (0x10)
 *(base_xlat_table)
 *fill*         0x0000000000022d80      0x280 
 base_xlat_table
                0x0000000000023000      0x400 ./build/sun50i_h6/release/bl31/xlat_tables_context.o
                0x0000000000023400                __BSS_END__ = .

xlat_table      0x0000000000024000     0x1000
 *(xlat_table)
 xlat_table     0x0000000000024000     0x1000 ./build/sun50i_h6/release/bl31/xlat_tables_context.o

coherent_ram    0x0000000000025000     0x1000
                0x0000000000025000                __COHERENT_RAM_START__ = .
 *(bakery_lock)
 bakery_lock    0x0000000000025000        0x8 ./build/sun50i_h6/release/bl31/sunxi_msgbox.o
 bakery_lock    0x0000000000025008       0x10 ./build/sun50i_h6/release/bl31/psci_common.o
                0x0000000000025008                psci_locks
 bakery_lock    0x0000000000025018        0x8 ./build/sun50i_h6/release/bl31/sunxi_common.o
                0x0000000000025018                arisc_lock
 *(tzfw_coherent_mem)
 tzfw_coherent_mem
                0x0000000000025020       0x20 ./build/sun50i_h6/release/bl31/psci_common.o
                0x0000000000025020                psci_non_cpu_pd_nodes
                0x0000000000025040                __COHERENT_RAM_END_UNALIGNED__ = .
                0x0000000000026000                . = ALIGN (0x1000)
 *fill*         0x0000000000025040      0xfc0 
                0x0000000000026000                __COHERENT_RAM_END__ = .
                0x0000000000026000                __NOBITS_END__ = .
                0x0000000000000001                ASSERT ((. <= 0x28000), BL31 NOBITS region has exceeded its limit.)
LOAD ./build/sun50i_h6/release/bl31/build_message.o
LOAD ./build/sun50i_h6/release/bl31/bl31_context_mgmt.o
LOAD ./build/sun50i_h6/release/bl31/bl31_main.o
LOAD ./build/sun50i_h6/release/bl31/interrupt_mgmt.o
LOAD ./build/sun50i_h6/release/bl31/runtime_svc.o
LOAD ./build/sun50i_h6/release/bl31/axp805.o
LOAD ./build/sun50i_h6/release/bl31/common.o
LOAD ./build/sun50i_h6/release/bl31/sunxi_msgbox.o
LOAD ./build/sun50i_h6/release/bl31/css_scpi.o
LOAD ./build/sun50i_h6/release/bl31/gic_common.o
LOAD ./build/sun50i_h6/release/bl31/gicv2_helpers.o
LOAD ./build/sun50i_h6/release/bl31/gicv2_main.o
LOAD ./build/sun50i_h6/release/bl31/delay_timer.o
LOAD ./build/sun50i_h6/release/bl31/generic_delay_timer.o
LOAD ./build/sun50i_h6/release/bl31/mi2cv.o
LOAD ./build/sun50i_h6/release/bl31/errata_report.o
LOAD ./build/sun50i_h6/release/bl31/context_mgmt.o
LOAD ./build/sun50i_h6/release/bl31/cpu_data_array.o
LOAD ./build/sun50i_h6/release/bl31/bakery_lock_coherent.o
LOAD ./build/sun50i_h6/release/bl31/psci_common.o
LOAD ./build/sun50i_h6/release/bl31/psci_main.o
LOAD ./build/sun50i_h6/release/bl31/psci_mem_protect.o
LOAD ./build/sun50i_h6/release/bl31/psci_off.o
LOAD ./build/sun50i_h6/release/bl31/psci_on.o
LOAD ./build/sun50i_h6/release/bl31/psci_setup.o
LOAD ./build/sun50i_h6/release/bl31/psci_suspend.o
LOAD ./build/sun50i_h6/release/bl31/psci_system_off.o
LOAD ./build/sun50i_h6/release/bl31/sunxi_bl31_setup.o
LOAD ./build/sun50i_h6/release/bl31/sunxi_cpu_ops.o
LOAD ./build/sun50i_h6/release/bl31/sunxi_pm.o
LOAD ./build/sun50i_h6/release/bl31/sunxi_security.o
LOAD ./build/sun50i_h6/release/bl31/sunxi_topology.o
LOAD ./build/sun50i_h6/release/bl31/sunxi_power.o
LOAD ./build/sun50i_h6/release/bl31/plat_gicv2.o
LOAD ./build/sun50i_h6/release/bl31/plat_psci_common.o
LOAD ./build/sun50i_h6/release/bl31/arm_arch_svc_setup.o
LOAD ./build/sun50i_h6/release/bl31/std_svc_setup.o
LOAD ./build/sun50i_h6/release/bl31/bl_common.o
LOAD ./build/sun50i_h6/release/bl31/tf_log.o
LOAD ./build/sun50i_h6/release/bl31/multi_console.o
LOAD ./build/sun50i_h6/release/bl31/plat_bl_common.o
LOAD ./build/sun50i_h6/release/bl31/plat_log_common.o
LOAD ./build/sun50i_h6/release/bl31/plat_common.o
LOAD ./build/sun50i_h6/release/bl31/popcountdi2.o
LOAD ./build/sun50i_h6/release/bl31/popcountsi2.o
LOAD ./build/sun50i_h6/release/bl31/xlat_tables_arch.o
LOAD ./build/sun50i_h6/release/bl31/xlat_tables_context.o
LOAD ./build/sun50i_h6/release/bl31/xlat_tables_core.o
LOAD ./build/sun50i_h6/release/bl31/xlat_tables_utils.o
LOAD ./build/sun50i_h6/release/bl31/sunxi_common.o
LOAD ./build/sun50i_h6/release/bl31/bl31_entrypoint.o
LOAD ./build/sun50i_h6/release/bl31/crash_reporting.o
LOAD ./build/sun50i_h6/release/bl31/ea_delegate.o
LOAD ./build/sun50i_h6/release/bl31/runtime_exceptions.o
LOAD ./build/sun50i_h6/release/bl31/cortex_a53.o
LOAD ./build/sun50i_h6/release/bl31/cpu_helpers.o
LOAD ./build/sun50i_h6/release/bl31/dsu_helpers.o
LOAD ./build/sun50i_h6/release/bl31/wa_cve_2017_5715_bpiall.o
LOAD ./build/sun50i_h6/release/bl31/wa_cve_2017_5715_mmu.o
LOAD ./build/sun50i_h6/release/bl31/context.o
LOAD ./build/sun50i_h6/release/bl31/cpu_data.o
LOAD ./build/sun50i_h6/release/bl31/spinlock.o
LOAD ./build/sun50i_h6/release/bl31/psci_helpers.o
LOAD ./build/sun50i_h6/release/bl31/platform_mp_stack.o
LOAD ./build/sun50i_h6/release/bl31/debug.o
LOAD ./build/sun50i_h6/release/bl31/cache_helpers.o
LOAD ./build/sun50i_h6/release/bl31/misc_helpers.o
LOAD ./build/sun50i_h6/release/bl31/platform_helpers.o
LOAD ./build/sun50i_h6/release/bl31/16550_console.o
LOAD ./build/sun50i_h6/release/bl31/enable_mmu.o
LOAD ./build/sun50i_h6/release/bl31/plat_helpers.o
LOAD ./build/sun50i_h6/release/lib/libfdt.a
LOAD ./build/sun50i_h6/release/lib/libc.a
OUTPUT(build/sun50i_h6/release/bl31/bl31.elf elf64-littleaarch64)
LOAD linker stubs

.comment        0x0000000000000000       0x2b
 .comment       0x0000000000000000       0x2b ./build/sun50i_h6/release/bl31/build_message.o
                                         0x2c (size before relaxing)
 .comment       0x000000000000002b       0x2c ./build/sun50i_h6/release/bl31/bl31_context_mgmt.o
 .comment       0x000000000000002b       0x2c ./build/sun50i_h6/release/bl31/bl31_main.o
 .comment       0x000000000000002b       0x2c ./build/sun50i_h6/release/bl31/interrupt_mgmt.o
 .comment       0x000000000000002b       0x2c ./build/sun50i_h6/release/bl31/runtime_svc.o
 .comment       0x000000000000002b       0x2c ./build/sun50i_h6/release/bl31/axp805.o
 .comment       0x000000000000002b       0x2c ./build/sun50i_h6/release/bl31/common.o
 .comment       0x000000000000002b       0x2c ./build/sun50i_h6/release/bl31/sunxi_msgbox.o
 .comment       0x000000000000002b       0x2c ./build/sun50i_h6/release/bl31/css_scpi.o
 .comment       0x000000000000002b       0x2c ./build/sun50i_h6/release/bl31/gic_common.o
 .comment       0x000000000000002b       0x2c ./build/sun50i_h6/release/bl31/gicv2_helpers.o
 .comment       0x000000000000002b       0x2c ./build/sun50i_h6/release/bl31/gicv2_main.o
 .comment       0x000000000000002b       0x2c ./build/sun50i_h6/release/bl31/delay_timer.o
 .comment       0x000000000000002b       0x2c ./build/sun50i_h6/release/bl31/generic_delay_timer.o
 .comment       0x000000000000002b       0x2c ./build/sun50i_h6/release/bl31/mi2cv.o
 .comment       0x000000000000002b       0x2c ./build/sun50i_h6/release/bl31/context_mgmt.o
 .comment       0x000000000000002b       0x2c ./build/sun50i_h6/release/bl31/cpu_data_array.o
 .comment       0x000000000000002b       0x2c ./build/sun50i_h6/release/bl31/bakery_lock_coherent.o
 .comment       0x000000000000002b       0x2c ./build/sun50i_h6/release/bl31/psci_common.o
 .comment       0x000000000000002b       0x2c ./build/sun50i_h6/release/bl31/psci_main.o
 .comment       0x000000000000002b       0x2c ./build/sun50i_h6/release/bl31/psci_mem_protect.o
 .comment       0x000000000000002b       0x2c ./build/sun50i_h6/release/bl31/psci_off.o
 .comment       0x000000000000002b       0x2c ./build/sun50i_h6/release/bl31/psci_on.o
 .comment       0x000000000000002b       0x2c ./build/sun50i_h6/release/bl31/psci_setup.o
 .comment       0x000000000000002b       0x2c ./build/sun50i_h6/release/bl31/psci_suspend.o
 .comment       0x000000000000002b       0x2c ./build/sun50i_h6/release/bl31/psci_system_off.o
 .comment       0x000000000000002b       0x2c ./build/sun50i_h6/release/bl31/sunxi_bl31_setup.o
 .comment       0x000000000000002b       0x2c ./build/sun50i_h6/release/bl31/sunxi_cpu_ops.o
 .comment       0x000000000000002b       0x2c ./build/sun50i_h6/release/bl31/sunxi_pm.o
 .comment       0x000000000000002b       0x2c ./build/sun50i_h6/release/bl31/sunxi_security.o
 .comment       0x000000000000002b       0x2c ./build/sun50i_h6/release/bl31/sunxi_topology.o
 .comment       0x000000000000002b       0x2c ./build/sun50i_h6/release/bl31/sunxi_power.o
 .comment       0x000000000000002b       0x2c ./build/sun50i_h6/release/bl31/plat_gicv2.o
 .comment       0x000000000000002b       0x2c ./build/sun50i_h6/release/bl31/plat_psci_common.o
 .comment       0x000000000000002b       0x2c ./build/sun50i_h6/release/bl31/arm_arch_svc_setup.o
 .comment       0x000000000000002b       0x2c ./build/sun50i_h6/release/bl31/std_svc_setup.o
 .comment       0x000000000000002b       0x2c ./build/sun50i_h6/release/bl31/bl_common.o
 .comment       0x000000000000002b       0x2c ./build/sun50i_h6/release/bl31/tf_log.o
 .comment       0x000000000000002b       0x2c ./build/sun50i_h6/release/bl31/multi_console.o
 .comment       0x000000000000002b       0x2c ./build/sun50i_h6/release/bl31/plat_bl_common.o
 .comment       0x000000000000002b       0x2c ./build/sun50i_h6/release/bl31/plat_log_common.o
 .comment       0x000000000000002b       0x2c ./build/sun50i_h6/release/bl31/plat_common.o
 .comment       0x000000000000002b       0x2c ./build/sun50i_h6/release/bl31/xlat_tables_arch.o
 .comment       0x000000000000002b       0x2c ./build/sun50i_h6/release/bl31/xlat_tables_context.o
 .comment       0x000000000000002b       0x2c ./build/sun50i_h6/release/bl31/xlat_tables_core.o
 .comment       0x000000000000002b       0x2c ./build/sun50i_h6/release/bl31/xlat_tables_utils.o
 .comment       0x000000000000002b       0x2c ./build/sun50i_h6/release/bl31/sunxi_common.o
 .comment       0x000000000000002b       0x2c ./build/sun50i_h6/release/lib/libfdt.a(fdt.o)
 .comment       0x000000000000002b       0x2c ./build/sun50i_h6/release/lib/libfdt.a(fdt_ro.o)
 .comment       0x000000000000002b       0x2c ./build/sun50i_h6/release/lib/libc.a(memchr.o)
 .comment       0x000000000000002b       0x2c ./build/sun50i_h6/release/lib/libc.a(memcmp.o)
 .comment       0x000000000000002b       0x2c ./build/sun50i_h6/release/lib/libc.a(memcpy.o)
 .comment       0x000000000000002b       0x2c ./build/sun50i_h6/release/lib/libc.a(memmove.o)
 .comment       0x000000000000002b       0x2c ./build/sun50i_h6/release/lib/libc.a(memset.o)
 .comment       0x000000000000002b       0x2c ./build/sun50i_h6/release/lib/libc.a(printf.o)
 .comment       0x000000000000002b       0x2c ./build/sun50i_h6/release/lib/libc.a(putchar.o)
 .comment       0x000000000000002b       0x2c ./build/sun50i_h6/release/lib/libc.a(strlen.o)
 .comment       0x000000000000002b       0x2c ./build/sun50i_h6/release/lib/libc.a(strncmp.o)
 .comment       0x000000000000002b       0x2c ./build/sun50i_h6/release/lib/libc.a(strrchr.o)

.note.GNU-stack
                0x0000000000000000        0x0
 .note.GNU-stack
                0x0000000000000000        0x0 ./build/sun50i_h6/release/bl31/build_message.o
 .note.GNU-stack
                0x0000000000000000        0x0 ./build/sun50i_h6/release/bl31/bl31_context_mgmt.o
 .note.GNU-stack
                0x0000000000000000        0x0 ./build/sun50i_h6/release/bl31/bl31_main.o
 .note.GNU-stack
                0x0000000000000000        0x0 ./build/sun50i_h6/release/bl31/interrupt_mgmt.o
 .note.GNU-stack
                0x0000000000000000        0x0 ./build/sun50i_h6/release/bl31/runtime_svc.o
 .note.GNU-stack
                0x0000000000000000        0x0 ./build/sun50i_h6/release/bl31/axp805.o
 .note.GNU-stack
                0x0000000000000000        0x0 ./build/sun50i_h6/release/bl31/common.o
 .note.GNU-stack
                0x0000000000000000        0x0 ./build/sun50i_h6/release/bl31/sunxi_msgbox.o
 .note.GNU-stack
                0x0000000000000000        0x0 ./build/sun50i_h6/release/bl31/css_scpi.o
 .note.GNU-stack
                0x0000000000000000        0x0 ./build/sun50i_h6/release/bl31/gic_common.o
 .note.GNU-stack
                0x0000000000000000        0x0 ./build/sun50i_h6/release/bl31/gicv2_helpers.o
 .note.GNU-stack
                0x0000000000000000        0x0 ./build/sun50i_h6/release/bl31/gicv2_main.o
 .note.GNU-stack
                0x0000000000000000        0x0 ./build/sun50i_h6/release/bl31/delay_timer.o
 .note.GNU-stack
                0x0000000000000000        0x0 ./build/sun50i_h6/release/bl31/generic_delay_timer.o
 .note.GNU-stack
                0x0000000000000000        0x0 ./build/sun50i_h6/release/bl31/mi2cv.o
 .note.GNU-stack
                0x0000000000000000        0x0 ./build/sun50i_h6/release/bl31/context_mgmt.o
 .note.GNU-stack
                0x0000000000000000        0x0 ./build/sun50i_h6/release/bl31/cpu_data_array.o
 .note.GNU-stack
                0x0000000000000000        0x0 ./build/sun50i_h6/release/bl31/bakery_lock_coherent.o
 .note.GNU-stack
                0x0000000000000000        0x0 ./build/sun50i_h6/release/bl31/psci_common.o
 .note.GNU-stack
                0x0000000000000000        0x0 ./build/sun50i_h6/release/bl31/psci_main.o
 .note.GNU-stack
                0x0000000000000000        0x0 ./build/sun50i_h6/release/bl31/psci_mem_protect.o
 .note.GNU-stack
                0x0000000000000000        0x0 ./build/sun50i_h6/release/bl31/psci_off.o
 .note.GNU-stack
                0x0000000000000000        0x0 ./build/sun50i_h6/release/bl31/psci_on.o
 .note.GNU-stack
                0x0000000000000000        0x0 ./build/sun50i_h6/release/bl31/psci_setup.o
 .note.GNU-stack
                0x0000000000000000        0x0 ./build/sun50i_h6/release/bl31/psci_suspend.o
 .note.GNU-stack
                0x0000000000000000        0x0 ./build/sun50i_h6/release/bl31/psci_system_off.o
 .note.GNU-stack
                0x0000000000000000        0x0 ./build/sun50i_h6/release/bl31/sunxi_bl31_setup.o
 .note.GNU-stack
                0x0000000000000000        0x0 ./build/sun50i_h6/release/bl31/sunxi_cpu_ops.o
 .note.GNU-stack
                0x0000000000000000        0x0 ./build/sun50i_h6/release/bl31/sunxi_pm.o
 .note.GNU-stack
                0x0000000000000000        0x0 ./build/sun50i_h6/release/bl31/sunxi_security.o
 .note.GNU-stack
                0x0000000000000000        0x0 ./build/sun50i_h6/release/bl31/sunxi_topology.o
 .note.GNU-stack
                0x0000000000000000        0x0 ./build/sun50i_h6/release/bl31/sunxi_power.o
 .note.GNU-stack
                0x0000000000000000        0x0 ./build/sun50i_h6/release/bl31/plat_gicv2.o
 .note.GNU-stack
                0x0000000000000000        0x0 ./build/sun50i_h6/release/bl31/plat_psci_common.o
 .note.GNU-stack
                0x0000000000000000        0x0 ./build/sun50i_h6/release/bl31/arm_arch_svc_setup.o
 .note.GNU-stack
                0x0000000000000000        0x0 ./build/sun50i_h6/release/bl31/std_svc_setup.o
 .note.GNU-stack
                0x0000000000000000        0x0 ./build/sun50i_h6/release/bl31/bl_common.o
 .note.GNU-stack
                0x0000000000000000        0x0 ./build/sun50i_h6/release/bl31/tf_log.o
 .note.GNU-stack
                0x0000000000000000        0x0 ./build/sun50i_h6/release/bl31/multi_console.o
 .note.GNU-stack
                0x0000000000000000        0x0 ./build/sun50i_h6/release/bl31/plat_bl_common.o
 .note.GNU-stack
                0x0000000000000000        0x0 ./build/sun50i_h6/release/bl31/plat_log_common.o
 .note.GNU-stack
                0x0000000000000000        0x0 ./build/sun50i_h6/release/bl31/plat_common.o
 .note.GNU-stack
                0x0000000000000000        0x0 ./build/sun50i_h6/release/bl31/xlat_tables_arch.o
 .note.GNU-stack
                0x0000000000000000        0x0 ./build/sun50i_h6/release/bl31/xlat_tables_context.o
 .note.GNU-stack
                0x0000000000000000        0x0 ./build/sun50i_h6/release/bl31/xlat_tables_core.o
 .note.GNU-stack
                0x0000000000000000        0x0 ./build/sun50i_h6/release/bl31/xlat_tables_utils.o
 .note.GNU-stack
                0x0000000000000000        0x0 ./build/sun50i_h6/release/bl31/sunxi_common.o
 .note.GNU-stack
                0x0000000000000000        0x0 ./build/sun50i_h6/release/lib/libfdt.a(fdt.o)
 .note.GNU-stack
                0x0000000000000000        0x0 ./build/sun50i_h6/release/lib/libfdt.a(fdt_ro.o)
 .note.GNU-stack
                0x0000000000000000        0x0 ./build/sun50i_h6/release/lib/libc.a(memchr.o)
 .note.GNU-stack
                0x0000000000000000        0x0 ./build/sun50i_h6/release/lib/libc.a(memcmp.o)
 .note.GNU-stack
                0x0000000000000000        0x0 ./build/sun50i_h6/release/lib/libc.a(memcpy.o)
 .note.GNU-stack
                0x0000000000000000        0x0 ./build/sun50i_h6/release/lib/libc.a(memmove.o)
 .note.GNU-stack
                0x0000000000000000        0x0 ./build/sun50i_h6/release/lib/libc.a(memset.o)
 .note.GNU-stack
                0x0000000000000000        0x0 ./build/sun50i_h6/release/lib/libc.a(printf.o)
 .note.GNU-stack
                0x0000000000000000        0x0 ./build/sun50i_h6/release/lib/libc.a(putchar.o)
 .note.GNU-stack
                0x0000000000000000        0x0 ./build/sun50i_h6/release/lib/libc.a(strlen.o)
 .note.GNU-stack
                0x0000000000000000        0x0 ./build/sun50i_h6/release/lib/libc.a(strncmp.o)
 .note.GNU-stack
                0x0000000000000000        0x0 ./build/sun50i_h6/release/lib/libc.a(strrchr.o)

.debug_frame    0x0000000000000000      0xc18
 .debug_frame   0x0000000000000000       0x40 ./build/sun50i_h6/release/bl31/bl31_entrypoint.o
 .debug_frame   0x0000000000000040       0x40 ./build/sun50i_h6/release/bl31/crash_reporting.o
 .debug_frame   0x0000000000000080       0xa0 ./build/sun50i_h6/release/bl31/ea_delegate.o
 .debug_frame   0x0000000000000120      0x1a8 ./build/sun50i_h6/release/bl31/runtime_exceptions.o
 .debug_frame   0x00000000000002c8      0x1a8 ./build/sun50i_h6/release/bl31/cortex_a53.o
 .debug_frame   0x0000000000000470      0x100 ./build/sun50i_h6/release/bl31/cpu_helpers.o
 .debug_frame   0x0000000000000570       0x88 ./build/sun50i_h6/release/bl31/context.o
 .debug_frame   0x00000000000005f8       0x40 ./build/sun50i_h6/release/bl31/cpu_data.o
 .debug_frame   0x0000000000000638       0x40 ./build/sun50i_h6/release/bl31/spinlock.o
 .debug_frame   0x0000000000000678       0x58 ./build/sun50i_h6/release/bl31/psci_helpers.o
 .debug_frame   0x00000000000006d0       0x40 ./build/sun50i_h6/release/bl31/platform_mp_stack.o
 .debug_frame   0x0000000000000710       0x70 ./build/sun50i_h6/release/bl31/debug.o
 .debug_frame   0x0000000000000780       0xe8 ./build/sun50i_h6/release/bl31/cache_helpers.o
 .debug_frame   0x0000000000000868       0xe8 ./build/sun50i_h6/release/bl31/misc_helpers.o
 .debug_frame   0x0000000000000950      0x100 ./build/sun50i_h6/release/bl31/platform_helpers.o
 .debug_frame   0x0000000000000a50       0xd0 ./build/sun50i_h6/release/bl31/16550_console.o
 .debug_frame   0x0000000000000b20       0x58 ./build/sun50i_h6/release/bl31/enable_mmu.o
 .debug_frame   0x0000000000000b78       0xa0 ./build/sun50i_h6/release/bl31/plat_helpers.o
